// Jest Snapshot v1, https://goo.gl/fbAQLP

exports[`renders overview cards 1`] = `
<div>
  <div
    class="cards-container"
  >
    <div
      class="ant-card ant-card-bordered css-dev-only-do-not-override-xu9wm8"
      style="flex-grow: 1;"
    >
      <div
        class="ant-card-head"
      >
        <div
          class="ant-card-head-wrapper"
        >
          <div
            class="ant-card-head-title"
          >
            Total de pagamentos
          </div>
        </div>
      </div>
      <div
        class="ant-card-body"
      >
        <div
          data-testid="countPayment"
        >
          1508.15
        </div>
      </div>
    </div>
    <div
      class="ant-card ant-card-bordered css-dev-only-do-not-override-xu9wm8"
      style="flex-grow: 1;"
    >
      <div
        class="ant-card-head"
      >
        <div
          class="ant-card-head-wrapper"
        >
          <div
            class="ant-card-head-title"
          >
            Valor total de pagamentos
          </div>
        </div>
      </div>
      <div
        class="ant-card-body"
      >
        <div
          data-testid="amountPayment"
        >
          R$ 1.508,15
        </div>
      </div>
    </div>
    <div
      class="ant-card ant-card-bordered css-dev-only-do-not-override-xu9wm8"
      style="flex-grow: 1;"
    >
      <div
        class="ant-card-head"
      >
        <div
          class="ant-card-head-wrapper"
        >
          <div
            class="ant-card-head-title"
          >
            Valor total de pagamentos em aberto
          </div>
        </div>
      </div>
      <div
        class="ant-card-body"
      >
        <div
          data-testid="amountPaymentOpen"
        >
          R$ 1.508,15
        </div>
      </div>
    </div>
    <div
      class="ant-card ant-card-bordered css-dev-only-do-not-override-xu9wm8"
      style="flex-grow: 1;"
    >
      <div
        class="ant-card-head"
      >
        <div
          class="ant-card-head-wrapper"
        >
          <div
            class="ant-card-head-title"
          >
            Valor total de pagamentos fechados
          </div>
        </div>
      </div>
      <div
        class="ant-card-body"
      >
        <div
          data-testid="amountPaymentClosed"
        >
          R$ 2.718,15
        </div>
      </div>
    </div>
  </div>
</div>
`;
